0000  18 F8         ADJSP   -8             ; BFF8-BFFF are interpreter variables
0002  C8 02         LOADI_H HIGH(tp_code)
0004  CC D8         LOADI_L LOW(tp_code)
0006  28 00         GETIDX_H R0
0008  60 00         STORESP R0, 0          ; packed source pointer high
000A  2C 00         GETIDX_L R0
000C  60 01         STORESP R0, 1          ; packed source pointer low
000E  40 80         LOADI   R0, 0x80
0010  60 02         STORESP R0, 2          ; tape pointer high
0012  40 00         LOADI   R0, 0x00
0014  60 03         STORESP R0, 3          ; tape pointer low
0016  60 04         STORESP R0, 4          ; scan depth high
0018  41 00         LOADI   R1, 0          ; FSM state
001A  42 01         LOADI   R2, 1          ; token after BOF
001C  C8 00         LOADI_H HIGH(dispatch)
001E  CC 22         LOADI_L LOW(dispatch)
0020  D8 00         JUMP
0022  5C 00         LOADSP  R0, 0
0024  20 00         SETIDX_H R0
0026  5C 01         LOADSP  R0, 1
0028  24 00         SETIDX_L R0
002A  C0 00         LOAD    R0, [IDX]
002C  5A 00         CMPI    R2, 0
002E  E4 14         BRZ     dispatch_token_ready
0030  A8 00         SHR     R0
0032  A8 00         SHR     R0
0034  5A 01         CMPI    R2, 1
0036  E4 0C         BRZ     dispatch_token_ready
0038  A8 00         SHR     R0
003A  A8 00         SHR     R0
003C  5A 02         CMPI    R2, 2
003E  E4 04         BRZ     dispatch_token_ready
0040  A8 00         SHR     R0
0042  A8 00         SHR     R0
0044  4C 03         ANDI    R0, 3
0046  58 02         CMPI    R0, 2
0048  E8 02         BRNZ    dispatch_not_eof
004A  04 00         HALT
004C  58 03         CMPI    R0, 3
004E  E8 02         BRNZ    dispatch_not_bof
0050  04 00         HALT
0052  58 00         CMPI    R0, 0
0054  E8 06         BRNZ    dispatch_open_skip_0
0056  C8 00         LOADI_H HIGH(handle_open)
0058  CC 82         LOADI_L LOW(handle_open)
005A  D8 00         JUMP
005C  C8 01         LOADI_H HIGH(handle_l)
005E  CC 26         LOADI_L LOW(handle_l)
0060  D8 00         JUMP
0062  46 01         ADDI    R2, 1
0064  5A 04         CMPI    R2, 4
0066  E8 14         BRNZ    normal_advance_done
0068  42 00         LOADI   R2, 0
006A  5C 00         LOADSP  R0, 0
006C  20 00         SETIDX_H R0
006E  5C 01         LOADSP  R0, 1
0070  24 00         SETIDX_L R0
0072  D0 00         INC_IDX
0074  28 00         GETIDX_H R0
0076  60 00         STORESP R0, 0
0078  2C 00         GETIDX_L R0
007A  60 01         STORESP R0, 1
007C  C8 00         LOADI_H HIGH(dispatch)
007E  CC 22         LOADI_L LOW(dispatch)
0080  D8 00         JUMP
0082  59 00         CMPI    R1, 0
0084  E8 06         BRNZ    open_state0_skip_1
0086  C8 00         LOADI_H HIGH(open_s0)
0088  CC A8         LOADI_L LOW(open_s0)
008A  D8 00         JUMP
008C  59 01         CMPI    R1, 1
008E  E8 06         BRNZ    open_state1_skip_2
0090  C8 00         LOADI_H HIGH(open_s1)
0092  CC D2         LOADI_L LOW(open_s1)
0094  D8 00         JUMP
0096  59 02         CMPI    R1, 2
0098  E8 06         BRNZ    open_state2_skip_3
009A  C8 00         LOADI_H HIGH(open_s2)
009C  CC FC         LOADI_L LOW(open_s2)
009E  D8 00         JUMP
00A0  41 00         LOADI   R1, 0
00A2  C8 00         LOADI_H HIGH(normal_advance)
00A4  CC 62         LOADI_L LOW(normal_advance)
00A6  D8 00         JUMP
00A8  5C 02         LOADSP  R0, 2
00AA  20 00         SETIDX_H R0
00AC  5C 03         LOADSP  R0, 3
00AE  24 00         SETIDX_L R0
00B0  D0 00         INC_IDX
00B2  28 00         GETIDX_H R0
00B4  58 BF         CMPI    R0, 0xBF
00B6  E8 0A         BRNZ    open_s0_no_wrap
00B8  2C 00         GETIDX_L R0
00BA  58 F8         CMPI    R0, 0xF8
00BC  E8 04         BRNZ    open_s0_no_wrap
00BE  C8 80         LOADI_H 0x80
00C0  CC 00         LOADI_L 0x00
00C2  28 00         GETIDX_H R0
00C4  60 02         STORESP R0, 2
00C6  2C 00         GETIDX_L R0
00C8  60 03         STORESP R0, 3
00CA  41 01         LOADI   R1, 1
00CC  C8 00         LOADI_H HIGH(normal_advance)
00CE  CC 62         LOADI_L LOW(normal_advance)
00D0  D8 00         JUMP
00D2  5C 02         LOADSP  R0, 2
00D4  20 00         SETIDX_H R0
00D6  5C 03         LOADSP  R0, 3
00D8  24 00         SETIDX_L R0
00DA  C0 00         LOAD    R0, [IDX]
00DC  58 00         CMPI    R0, 0
00DE  E8 06         BRNZ    open_s1_test_skip_4
00E0  C8 00         LOADI_H HIGH(open_s1_zero)
00E2  CC EE         LOADI_L LOW(open_s1_zero)
00E4  D8 00         JUMP
00E6  41 02         LOADI   R1, 2
00E8  C8 00         LOADI_H HIGH(normal_advance)
00EA  CC 62         LOADI_L LOW(normal_advance)
00EC  D8 00         JUMP
00EE  41 02         LOADI   R1, 2
00F0  43 01         LOADI   R3, 1
00F2  40 00         LOADI   R0, 0
00F4  60 04         STORESP R0, 4
00F6  C8 01         LOADI_H HIGH(scan_forward_advance)
00F8  CC CA         LOADI_L LOW(scan_forward_advance)
00FA  D8 00         JUMP
00FC  5C 02         LOADSP  R0, 2
00FE  20 00         SETIDX_H R0
0100  5C 03         LOADSP  R0, 3
0102  24 00         SETIDX_L R0
0104  C0 00         LOAD    R0, [IDX]
0106  58 00         CMPI    R0, 0
0108  E8 06         BRNZ    open_s2_test_skip_5
010A  C8 01         LOADI_H HIGH(open_s2_zero)
010C  CC 18         LOADI_L LOW(open_s2_zero)
010E  D8 00         JUMP
0110  41 00         LOADI   R1, 0
0112  C8 00         LOADI_H HIGH(normal_advance)
0114  CC 62         LOADI_L LOW(normal_advance)
0116  D8 00         JUMP
0118  41 00         LOADI   R1, 0
011A  43 01         LOADI   R3, 1
011C  40 00         LOADI   R0, 0
011E  60 04         STORESP R0, 4
0120  C8 01         LOADI_H HIGH(scan_forward_advance)
0122  CC CA         LOADI_L LOW(scan_forward_advance)
0124  D8 00         JUMP
0126  59 00         CMPI    R1, 0
0128  E8 06         BRNZ    l_state0_skip_6
012A  C8 01         LOADI_H HIGH(l_s0)
012C  CC 4A         LOADI_L LOW(l_s0)
012E  D8 00         JUMP
0130  59 01         CMPI    R1, 1
0132  E8 06         BRNZ    l_state1_skip_7
0134  C8 01         LOADI_H HIGH(l_s1)
0136  CC 6E         LOADI_L LOW(l_s1)
0138  D8 00         JUMP
013A  59 02         CMPI    R1, 2
013C  E8 06         BRNZ    l_state2_skip_8
013E  C8 01         LOADI_H HIGH(l_s2)
0140  CC 80         LOADI_L LOW(l_s2)
0142  D8 00         JUMP
0144  C8 01         LOADI_H HIGH(l_s3)
0146  CC AA         LOADI_L LOW(l_s3)
0148  D8 00         JUMP
014A  5C 02         LOADSP  R0, 2
014C  20 00         SETIDX_H R0
014E  5C 03         LOADSP  R0, 3
0150  24 00         SETIDX_L R0
0152  D4 00         DEC_IDX
0154  28 00         GETIDX_H R0
0156  58 7F         CMPI    R0, 0x7F
0158  E8 04         BRNZ    l_s0_no_wrap
015A  C8 BF         LOADI_H 0xBF
015C  CC F7         LOADI_L 0xF7
015E  28 00         GETIDX_H R0
0160  60 02         STORESP R0, 2
0162  2C 00         GETIDX_L R0
0164  60 03         STORESP R0, 3
0166  41 02         LOADI   R1, 2
0168  C8 00         LOADI_H HIGH(normal_advance)
016A  CC 62         LOADI_L LOW(normal_advance)
016C  D8 00         JUMP
016E  5C 02         LOADSP  R0, 2
0170  20 00         SETIDX_H R0
0172  5C 03         LOADSP  R0, 3
0174  24 00         SETIDX_L R0
0176  3C 00         INC_MEM [IDX]
0178  41 03         LOADI   R1, 3
017A  C8 00         LOADI_H HIGH(normal_advance)
017C  CC 62         LOADI_L LOW(normal_advance)
017E  D8 00         JUMP
0180  5C 02         LOADSP  R0, 2
0182  20 00         SETIDX_H R0
0184  5C 03         LOADSP  R0, 3
0186  24 00         SETIDX_L R0
0188  C0 00         LOAD    R0, [IDX]
018A  58 00         CMPI    R0, 0
018C  E8 06         BRNZ    l_s2_test_skip_9
018E  C8 01         LOADI_H HIGH(l_s2_zero)
0190  CC A2         LOADI_L LOW(l_s2_zero)
0192  D8 00         JUMP
0194  41 01         LOADI   R1, 1
0196  43 01         LOADI   R3, 1
0198  40 00         LOADI   R0, 0
019A  60 04         STORESP R0, 4
019C  C8 02         LOADI_H HIGH(scan_backward_retreat)
019E  CC 4E         LOADI_L LOW(scan_backward_retreat)
01A0  D8 00         JUMP
01A2  41 01         LOADI   R1, 1
01A4  C8 00         LOADI_H HIGH(normal_advance)
01A6  CC 62         LOADI_L LOW(normal_advance)
01A8  D8 00         JUMP
01AA  5C 02         LOADSP  R0, 2
01AC  20 00         SETIDX_H R0
01AE  5C 03         LOADSP  R0, 3
01B0  24 00         SETIDX_L R0
01B2  C3 00         LOAD    R3, [IDX]
01B4  C8 FF         LOADI_H 0xFF
01B6  CC 03         LOADI_L 0x03
01B8  C0 00         LOAD    R0, [IDX]
01BA  58 01         CMPI    R0, 1
01BC  E8 FA         BRNZ    l_s3_uart_wait
01BE  D4 00         DEC_IDX
01C0  C4 C0         STORE   R3, [IDX]
01C2  41 00         LOADI   R1, 0
01C4  C8 00         LOADI_H HIGH(normal_advance)
01C6  CC 62         LOADI_L LOW(normal_advance)
01C8  D8 00         JUMP
01CA  46 01         ADDI    R2, 1
01CC  5A 04         CMPI    R2, 4
01CE  E8 14         BRNZ    scan_forward_fetch
01D0  42 00         LOADI   R2, 0
01D2  5C 00         LOADSP  R0, 0
01D4  20 00         SETIDX_H R0
01D6  5C 01         LOADSP  R0, 1
01D8  24 00         SETIDX_L R0
01DA  D0 00         INC_IDX
01DC  28 00         GETIDX_H R0
01DE  60 00         STORESP R0, 0
01E0  2C 00         GETIDX_L R0
01E2  60 01         STORESP R0, 1
01E4  5C 00         LOADSP  R0, 0
01E6  20 00         SETIDX_H R0
01E8  5C 01         LOADSP  R0, 1
01EA  24 00         SETIDX_L R0
01EC  C0 00         LOAD    R0, [IDX]
01EE  5A 00         CMPI    R2, 0
01F0  E4 14         BRZ     scan_forward_token_ready
01F2  A8 00         SHR     R0
01F4  A8 00         SHR     R0
01F6  5A 01         CMPI    R2, 1
01F8  E4 0C         BRZ     scan_forward_token_ready
01FA  A8 00         SHR     R0
01FC  A8 00         SHR     R0
01FE  5A 02         CMPI    R2, 2
0200  E4 04         BRZ     scan_forward_token_ready
0202  A8 00         SHR     R0
0204  A8 00         SHR     R0
0206  4C 03         ANDI    R0, 3
0208  58 02         CMPI    R0, 2
020A  E8 02         BRNZ    scan_forward_not_eof
020C  04 00         HALT                    ; unmatched forward scan
020E  58 03         CMPI    R0, 3
0210  E8 02         BRNZ    scan_forward_not_bof
0212  04 00         HALT
0214  58 00         CMPI    R0, 0
0216  E8 10         BRNZ    scan_forward_close
0218  47 01         ADDI    R3, 1
021A  F0 06         BRNC    scan_forward_inc_done
021C  5C 04         LOADSP  R0, 4
021E  44 01         ADDI    R0, 1
0220  60 04         STORESP R0, 4
0222  C8 01         LOADI_H HIGH(scan_forward_advance)
0224  CC CA         LOADI_L LOW(scan_forward_advance)
0226  D8 00         JUMP
0228  4B 01         SUBI    R3, 1
022A  F0 06         BRNC    scan_forward_dec_done
022C  5C 04         LOADSP  R0, 4
022E  48 01         SUBI    R0, 1
0230  60 04         STORESP R0, 4
0232  5B 00         CMPI    R3, 0
0234  E4 06         BRZ     scan_forward_low_skip_10
0236  C8 01         LOADI_H HIGH(scan_forward_advance)
0238  CC CA         LOADI_L LOW(scan_forward_advance)
023A  D8 00         JUMP
023C  5C 04         LOADSP  R0, 4
023E  58 00         CMPI    R0, 0
0240  E4 06         BRZ     scan_forward_high_skip_11
0242  C8 01         LOADI_H HIGH(scan_forward_advance)
0244  CC CA         LOADI_L LOW(scan_forward_advance)
0246  D8 00         JUMP
0248  C8 00         LOADI_H HIGH(normal_advance)
024A  CC 62         LOADI_L LOW(normal_advance)
024C  D8 00         JUMP
024E  5A 00         CMPI    R2, 0
0250  E8 1A         BRNZ    scan_backward_same_byte
0252  42 03         LOADI   R2, 3
0254  5C 00         LOADSP  R0, 0
0256  20 00         SETIDX_H R0
0258  5C 01         LOADSP  R0, 1
025A  24 00         SETIDX_L R0
025C  D4 00         DEC_IDX
025E  28 00         GETIDX_H R0
0260  60 00         STORESP R0, 0
0262  2C 00         GETIDX_L R0
0264  60 01         STORESP R0, 1
0266  C8 02         LOADI_H HIGH(scan_backward_fetch)
0268  CC 6E         LOADI_L LOW(scan_backward_fetch)
026A  D8 00         JUMP
026C  4A 01         SUBI    R2, 1
026E  5C 00         LOADSP  R0, 0
0270  20 00         SETIDX_H R0
0272  5C 01         LOADSP  R0, 1
0274  24 00         SETIDX_L R0
0276  C0 00         LOAD    R0, [IDX]
0278  5A 00         CMPI    R2, 0
027A  E4 14         BRZ     scan_backward_token_ready
027C  A8 00         SHR     R0
027E  A8 00         SHR     R0
0280  5A 01         CMPI    R2, 1
0282  E4 0C         BRZ     scan_backward_token_ready
0284  A8 00         SHR     R0
0286  A8 00         SHR     R0
0288  5A 02         CMPI    R2, 2
028A  E4 04         BRZ     scan_backward_token_ready
028C  A8 00         SHR     R0
028E  A8 00         SHR     R0
0290  4C 03         ANDI    R0, 3
0292  58 03         CMPI    R0, 3
0294  E8 02         BRNZ    scan_backward_not_bof
0296  04 00         HALT                    ; unmatched backward scan
0298  58 02         CMPI    R0, 2
029A  E8 02         BRNZ    scan_backward_not_eof
029C  04 00         HALT
029E  58 01         CMPI    R0, 1
02A0  E8 10         BRNZ    scan_backward_open
02A2  47 01         ADDI    R3, 1
02A4  F0 06         BRNC    scan_backward_inc_done
02A6  5C 04         LOADSP  R0, 4
02A8  44 01         ADDI    R0, 1
02AA  60 04         STORESP R0, 4
02AC  C8 02         LOADI_H HIGH(scan_backward_retreat)
02AE  CC 4E         LOADI_L LOW(scan_backward_retreat)
02B0  D8 00         JUMP
02B2  4B 01         SUBI    R3, 1
02B4  F0 06         BRNC    scan_backward_dec_done
02B6  5C 04         LOADSP  R0, 4
02B8  48 01         SUBI    R0, 1
02BA  60 04         STORESP R0, 4
02BC  5B 00         CMPI    R3, 0
02BE  E4 06         BRZ     scan_backward_low_skip_12
02C0  C8 02         LOADI_H HIGH(scan_backward_retreat)
02C2  CC 4E         LOADI_L LOW(scan_backward_retreat)
02C4  D8 00         JUMP
02C6  5C 04         LOADSP  R0, 4
02C8  58 00         CMPI    R0, 0
02CA  E4 06         BRZ     scan_backward_high_skip_13
02CC  C8 02         LOADI_H HIGH(scan_backward_retreat)
02CE  CC 4E         LOADI_L LOW(scan_backward_retreat)
02D0  D8 00         JUMP
02D2  C8 00         LOADI_H HIGH(dispatch)
02D4  CC 22         LOADI_L LOW(dispatch)
02D6  D8 00         JUMP
02D8  13 15 44 10 41 04 11 44 ... (16 bytes)  .byte 0x13, 0x15, 0x44, 0x10, 0x41, 0x04, 0x11, 0x44, 0x10, 0x41, 0x04, 0x11, 0x44, 0x10, 0x41, 0x04
02E8  11 44 10 41 04 11 44 10 ... (16 bytes)  .byte 0x11, 0x44, 0x10, 0x41, 0x04, 0x11, 0x44, 0x10, 0x41, 0x04, 0x11, 0x44, 0x10, 0x41, 0x04, 0x11
02F8  44 10 41 04 11 44 10 41 ... (16 bytes)  .byte 0x44, 0x10, 0x41, 0x04, 0x11, 0x44, 0x10, 0x41, 0x04, 0x11, 0x44, 0x10, 0x41, 0x04, 0x11, 0x44
0308  10 41 04 11 44 10 41 04 ... (16 bytes)  .byte 0x10, 0x41, 0x04, 0x11, 0x44, 0x10, 0x41, 0x04, 0x11, 0x44, 0x10, 0x41, 0x04, 0x11, 0x44, 0x10
0318  41 04 11 44 10 41 04 11 ... (16 bytes)  .byte 0x41, 0x04, 0x11, 0x44, 0x10, 0x41, 0x04, 0x11, 0x44, 0x10, 0x41, 0x04, 0x11, 0x44, 0x10, 0x41
0328  04 11 44 10 41 04 11 44 ... (16 bytes)  .byte 0x04, 0x11, 0x44, 0x10, 0x41, 0x04, 0x11, 0x44, 0x10, 0x41, 0x05, 0x11, 0x44, 0x10, 0x41, 0x04
0338  11 44 10 41 04 11 44 10 ... (16 bytes)  .byte 0x11, 0x44, 0x10, 0x41, 0x04, 0x11, 0x44, 0x10, 0x41, 0x04, 0x11, 0x44, 0x10, 0x41, 0x04, 0x11
0348  44 10 41 04 11 44 10 41 ... (16 bytes)  .byte 0x44, 0x10, 0x41, 0x04, 0x11, 0x44, 0x10, 0x41, 0x04, 0x11, 0x44, 0x10, 0x41, 0x04, 0x15, 0x44
0358  10 41 04 11 44 10 41 05 ... (16 bytes)  .byte 0x10, 0x41, 0x04, 0x11, 0x44, 0x10, 0x41, 0x05, 0x11, 0x44, 0x10, 0x41, 0x04, 0x11, 0x44, 0x10
0368  41 04 11 44 10 41 04 11 ... (16 bytes)  .byte 0x41, 0x04, 0x11, 0x44, 0x10, 0x41, 0x04, 0x11, 0x44, 0x10, 0x41, 0x04, 0x11, 0x44, 0x10, 0x41
0378  04 11 44 10 41 04 11 44 ... (16 bytes)  .byte 0x04, 0x11, 0x44, 0x10, 0x41, 0x04, 0x11, 0x44, 0x10, 0x41, 0x04, 0x11, 0x44, 0x10, 0x41, 0x04
0388  11 44 10 41 04 11 44 10 ... (16 bytes)  .byte 0x11, 0x44, 0x10, 0x41, 0x04, 0x11, 0x44, 0x10, 0x41, 0x04, 0x11, 0x44, 0x10, 0x41, 0x04, 0x11
0398  44 10 41 04 11 44 10 41 ... (16 bytes)  .byte 0x44, 0x10, 0x41, 0x04, 0x11, 0x44, 0x10, 0x41, 0x04, 0x11, 0x44, 0x10, 0x41, 0x04, 0x11, 0x44
03A8  10 41 04 11 44 10 41 04 ... (16 bytes)  .byte 0x10, 0x41, 0x04, 0x11, 0x44, 0x10, 0x41, 0x04, 0x11, 0x44, 0x10, 0x41, 0x04, 0x11, 0x44, 0x10
03B8  41 04 11 44 10 41 04 11 ... (16 bytes)  .byte 0x41, 0x04, 0x11, 0x44, 0x10, 0x41, 0x04, 0x11, 0x44, 0x10, 0x41, 0x04, 0x11, 0x44, 0x10, 0x41
03C8  04 11 44 10 41 04 11 44 ... (16 bytes)  .byte 0x04, 0x11, 0x44, 0x10, 0x41, 0x04, 0x11, 0x44, 0x10, 0x41, 0x04, 0x11, 0x44, 0x10, 0x41, 0x04
03D8  11 44 10 41 04 11 44 10 ... (16 bytes)  .byte 0x11, 0x44, 0x10, 0x41, 0x04, 0x11, 0x44, 0x10, 0x41, 0x04, 0x11, 0x44, 0x10, 0x41, 0x04, 0x11
03E8  44 10 41 04 11 44 10 41 ... (16 bytes)  .byte 0x44, 0x10, 0x41, 0x04, 0x11, 0x44, 0x10, 0x41, 0x04, 0x11, 0x44, 0x10, 0x41, 0x04, 0x11, 0x44
03F8  10 41 04 11 44 10 41 04 ... (16 bytes)  .byte 0x10, 0x41, 0x04, 0x11, 0x44, 0x10, 0x41, 0x04, 0x11, 0x44, 0x10, 0x41, 0x04, 0x11, 0x44, 0x10
0408  41 04 11 44 10 41 04 11 ... (16 bytes)  .byte 0x41, 0x04, 0x11, 0x44, 0x10, 0x41, 0x04, 0x11, 0x44, 0x10, 0x41, 0x04, 0x11, 0x44, 0x10, 0x41
0418  04 11 44 10 41 04 11 44 ... (16 bytes)  .byte 0x04, 0x11, 0x44, 0x10, 0x41, 0x04, 0x11, 0x44, 0x10, 0x41, 0x04, 0x11, 0x44, 0x10, 0x41, 0x04
0428  11 44 10 41 04 11 44 10 ... (16 bytes)  .byte 0x11, 0x44, 0x10, 0x41, 0x04, 0x11, 0x44, 0x10, 0x41, 0x04, 0x11, 0x44, 0x10, 0x41, 0x04, 0x11
0438  44 10 41 04 11 44 10 41 ... (16 bytes)  .byte 0x44, 0x10, 0x41, 0x04, 0x11, 0x44, 0x10, 0x41, 0x04, 0x11, 0x44, 0x10, 0x41, 0x04, 0x11, 0x44
0448  10 41 04 11 44 10 41 04 ... (16 bytes)  .byte 0x10, 0x41, 0x04, 0x11, 0x44, 0x10, 0x41, 0x04, 0x11, 0x44, 0x10, 0x41, 0x04, 0x11, 0x44, 0x10
0458  41 04 11 44 10 41 04 11 ... (16 bytes)  .byte 0x41, 0x04, 0x11, 0x44, 0x10, 0x41, 0x04, 0x11, 0x44, 0x10, 0x41, 0x04, 0x11, 0x44, 0x10, 0x41
0468  04 11 44 10 41 04 11 44 ... (16 bytes)  .byte 0x04, 0x11, 0x44, 0x10, 0x41, 0x04, 0x11, 0x44, 0x10, 0x41, 0x04, 0x11, 0x44, 0x10, 0x41, 0x04
0478  11 44 10 41 04 11 44 10 ... (16 bytes)  .byte 0x11, 0x44, 0x10, 0x41, 0x04, 0x11, 0x44, 0x10, 0x41, 0x04, 0x11, 0x44, 0x10, 0x41, 0x04, 0x11
0488  44 10 41 04 11 44 10 41 ... (16 bytes)  .byte 0x44, 0x10, 0x41, 0x04, 0x11, 0x44, 0x10, 0x41, 0x04, 0x11, 0x44, 0x10, 0x41, 0x04, 0x11, 0x44
0498  10 41 04 11 44 10 41 05 ... (16 bytes)  .byte 0x10, 0x41, 0x04, 0x11, 0x44, 0x10, 0x41, 0x05, 0x11, 0x44, 0x50, 0x41, 0x04, 0x11, 0x44, 0x10
04A8  41 04 11 44 10 41 04 11 ... (16 bytes)  .byte 0x41, 0x04, 0x11, 0x44, 0x10, 0x41, 0x04, 0x11, 0x44, 0x10, 0x41, 0x04, 0x11, 0x44, 0x10, 0x41
04B8  04 11 44 10 41 04 11 44 ... (16 bytes)  .byte 0x04, 0x11, 0x44, 0x10, 0x41, 0x04, 0x11, 0x44, 0x10, 0x41, 0x04, 0x11, 0x44, 0x10, 0x41, 0x04
04C8  11 44 10 41 04 11 44 10 ... (16 bytes)  .byte 0x11, 0x44, 0x10, 0x41, 0x04, 0x11, 0x44, 0x10, 0x41, 0x04, 0x11, 0x44, 0x10, 0x41, 0x04, 0x11
04D8  44 10 41 04 11 44 10 41 ... (16 bytes)  .byte 0x44, 0x10, 0x41, 0x04, 0x11, 0x44, 0x10, 0x41, 0x04, 0x11, 0x44, 0x10, 0x41, 0x04, 0x11, 0x44
04E8  10 41 04 11 44 10 41 04 ... (16 bytes)  .byte 0x10, 0x41, 0x04, 0x11, 0x44, 0x10, 0x41, 0x04, 0x11, 0x44, 0x10, 0x41, 0x04, 0x11, 0x44, 0x10
04F8  41 04 11 44 10 41 04 11 ... (16 bytes)  .byte 0x41, 0x04, 0x11, 0x44, 0x10, 0x41, 0x04, 0x11, 0x44, 0x10, 0x41, 0x04, 0x11, 0x44, 0x10, 0x41
0508  04 11 44 10 41 04 11 44 ... (16 bytes)  .byte 0x04, 0x11, 0x44, 0x10, 0x41, 0x04, 0x11, 0x44, 0x10, 0x41, 0x04, 0x11, 0x44, 0x10, 0x41, 0x04
0518  11 44 10 41 04 11 44 10 ... (16 bytes)  .byte 0x11, 0x44, 0x10, 0x41, 0x04, 0x11, 0x44, 0x10, 0x41, 0x04, 0x11, 0x44, 0x10, 0x41, 0x04, 0x11
0528  44 10 41 04 11 44 10 41 ... (16 bytes)  .byte 0x44, 0x10, 0x41, 0x04, 0x11, 0x44, 0x10, 0x41, 0x04, 0x11, 0x44, 0x10, 0x41, 0x04, 0x11, 0x44
0538  10 41 04 11 44 10 41 04 ... (16 bytes)  .byte 0x10, 0x41, 0x04, 0x11, 0x44, 0x10, 0x41, 0x04, 0x11, 0x44, 0x10, 0x41, 0x04, 0x11, 0x44, 0x10
0548  41 04 11 44 10 41 04 11 ... (16 bytes)  .byte 0x41, 0x04, 0x11, 0x44, 0x10, 0x41, 0x04, 0x11, 0x44, 0x10, 0x41, 0x04, 0x11, 0x44, 0x10, 0x41
0558  04 11 44 10 41 04 11 44 ... (16 bytes)  .byte 0x04, 0x11, 0x44, 0x10, 0x41, 0x04, 0x11, 0x44, 0x10, 0x41, 0x04, 0x11, 0x44, 0x10, 0x41, 0x04
0568  11 44 10 41 04 11 44 10 ... (16 bytes)  .byte 0x11, 0x44, 0x10, 0x41, 0x04, 0x11, 0x44, 0x10, 0x41, 0x04, 0x11, 0x44, 0x10, 0x41, 0x04, 0x11
0578  44 10 41 04 11 44 10 41 ... (16 bytes)  .byte 0x44, 0x10, 0x41, 0x04, 0x11, 0x44, 0x10, 0x41, 0x04, 0x11, 0x44, 0x10, 0x41, 0x04, 0x11, 0x44
0588  10 41 04 11 44 10 41 05 ... (16 bytes)  .byte 0x10, 0x41, 0x04, 0x11, 0x44, 0x10, 0x41, 0x05, 0x11, 0x44, 0x10, 0x41, 0x04, 0x11, 0x44, 0x10
0598  41 04 11 44 10 41 04 11 ... (16 bytes)  .byte 0x41, 0x04, 0x11, 0x44, 0x10, 0x41, 0x04, 0x11, 0x44, 0x10, 0x41, 0x04, 0x11, 0x44, 0x10, 0x41
05A8  04 11 44 10 41 04 11 44 ... (16 bytes)  .byte 0x04, 0x11, 0x44, 0x10, 0x41, 0x04, 0x11, 0x44, 0x10, 0x41, 0x04, 0x11, 0x44, 0x10, 0x41, 0x04
05B8  11 44 10 41 04 11 44 10 ... (16 bytes)  .byte 0x11, 0x44, 0x10, 0x41, 0x04, 0x11, 0x44, 0x10, 0x41, 0x04, 0x11, 0x44, 0x10, 0x41, 0x04, 0x11
05C8  44 10 41 04 11 44 10 41 ... (16 bytes)  .byte 0x44, 0x10, 0x41, 0x04, 0x11, 0x44, 0x10, 0x41, 0x04, 0x11, 0x44, 0x10, 0x41, 0x04, 0x11, 0x44
05D8  10 41 04 11 44 10 41 04 ... (16 bytes)  .byte 0x10, 0x41, 0x04, 0x11, 0x44, 0x10, 0x41, 0x04, 0x11, 0x44, 0x10, 0x41, 0x04, 0x11, 0x44, 0x10
05E8  41 04 11 44 10 41 04 11 ... (16 bytes)  .byte 0x41, 0x04, 0x11, 0x44, 0x10, 0x41, 0x04, 0x11, 0x44, 0x10, 0x41, 0x04, 0x11, 0x44, 0x10, 0x41
05F8  04 11 44 10 41 04 11 44 ... (16 bytes)  .byte 0x04, 0x11, 0x44, 0x10, 0x41, 0x04, 0x11, 0x44, 0x10, 0x41, 0x04, 0x11, 0x44, 0x10, 0x41, 0x04
0608  11 44 10 41 04 11 44 10 ... (16 bytes)  .byte 0x11, 0x44, 0x10, 0x41, 0x04, 0x11, 0x44, 0x10, 0x41, 0x04, 0x11, 0x44, 0x10, 0x41, 0x04, 0x11
0618  44 10 41 04 11 44 10 41 ... (16 bytes)  .byte 0x44, 0x10, 0x41, 0x04, 0x11, 0x44, 0x10, 0x41, 0x04, 0x11, 0x44, 0x10, 0x41, 0x04, 0x11, 0x44
0628  10 41 04 11 44 10 41 04 ... (16 bytes)  .byte 0x10, 0x41, 0x04, 0x11, 0x44, 0x10, 0x41, 0x04, 0x11, 0x44, 0x10, 0x41, 0x04, 0x11, 0x44, 0x10
0638  41 04 11 44 10 41 04 11 ... (16 bytes)  .byte 0x41, 0x04, 0x11, 0x44, 0x10, 0x41, 0x04, 0x11, 0x44, 0x10, 0x41, 0x04, 0x11, 0x44, 0x10, 0x41
0648  04 11 44 10 41 04 11 44 ... (16 bytes)  .byte 0x04, 0x11, 0x44, 0x10, 0x41, 0x04, 0x11, 0x44, 0x10, 0x41, 0x04, 0x11, 0x44, 0x10, 0x41, 0x04
0658  11 44 10 41 04 11 44 10 ... (16 bytes)  .byte 0x11, 0x44, 0x10, 0x41, 0x04, 0x11, 0x44, 0x10, 0x41, 0x04, 0x11, 0x44, 0x10, 0x41, 0x04, 0x11
0668  44 10 41 04 11 44 10 41 ... (16 bytes)  .byte 0x44, 0x10, 0x41, 0x04, 0x11, 0x44, 0x10, 0x41, 0x04, 0x11, 0x44, 0x10, 0x41, 0x04, 0x11, 0x44
0678  10 41 04 11 44 10 41 04 ... (16 bytes)  .byte 0x10, 0x41, 0x04, 0x11, 0x44, 0x10, 0x41, 0x04, 0x11, 0x44, 0x10, 0x41, 0x04, 0x11, 0x44, 0x10
0688  41 04 11 44 10 41 04 11 ... (16 bytes)  .byte 0x41, 0x04, 0x11, 0x44, 0x10, 0x41, 0x04, 0x11, 0x44, 0x10, 0x41, 0x04, 0x11, 0x44, 0x10, 0x41
0698  04 11 44 10 41 04 11 44 ... (16 bytes)  .byte 0x04, 0x11, 0x44, 0x10, 0x41, 0x04, 0x11, 0x44, 0x10, 0x41, 0x04, 0x11, 0x44, 0x10, 0x41, 0x04
06A8  11 44 10 41 04 11 44 10 ... (16 bytes)  .byte 0x11, 0x44, 0x10, 0x41, 0x04, 0x11, 0x44, 0x10, 0x41, 0x04, 0x11, 0x44, 0x10, 0x41, 0x04, 0x11
06B8  44 10 41 04 11 44 10 41 ... (16 bytes)  .byte 0x44, 0x10, 0x41, 0x04, 0x11, 0x44, 0x10, 0x41, 0x05, 0x11, 0x44, 0x10, 0x41, 0x04, 0x11, 0x44
06C8  10 41 04 11 44 10 41 04 ... (16 bytes)  .byte 0x10, 0x41, 0x04, 0x11, 0x44, 0x10, 0x41, 0x04, 0x11, 0x44, 0x10, 0x41, 0x04, 0x11, 0x44, 0x10
06D8  41 04 11 44 10 41 04 11 ... (16 bytes)  .byte 0x41, 0x04, 0x11, 0x44, 0x10, 0x41, 0x04, 0x11, 0x44, 0x10, 0x41, 0x04, 0x11, 0x44, 0x10, 0x41
06E8  04 11 44 10 41 04 11 44 ... (16 bytes)  .byte 0x04, 0x11, 0x44, 0x10, 0x41, 0x04, 0x11, 0x44, 0x10, 0x41, 0x04, 0x11, 0x44, 0x10, 0x41, 0x04
06F8  11 44 10 41 04 11 44 10 ... (16 bytes)  .byte 0x11, 0x44, 0x10, 0x41, 0x04, 0x11, 0x44, 0x10, 0x41, 0x04, 0x11, 0x44, 0x50, 0x41, 0x04, 0x11
0708  44 10 41 04 11 44 10 41 ... (16 bytes)  .byte 0x44, 0x10, 0x41, 0x04, 0x11, 0x44, 0x10, 0x41, 0x04, 0x11, 0x44, 0x10, 0x41, 0x04, 0x11, 0x44
0718  10 41 04 11 44 10 41 04 ... (16 bytes)  .byte 0x10, 0x41, 0x04, 0x11, 0x44, 0x10, 0x41, 0x04, 0x11, 0x44, 0x50, 0x41, 0x04, 0x11, 0x54, 0x10
0728  41 04 11 44 10 41 04 11 ... (16 bytes)  .byte 0x41, 0x04, 0x11, 0x44, 0x10, 0x41, 0x04, 0x11, 0x44, 0x10, 0x41, 0x04, 0x11, 0x44, 0x10, 0x41
0738  04 11 44 10 41 04 11 44 ... (16 bytes)  .byte 0x04, 0x11, 0x44, 0x10, 0x41, 0x04, 0x11, 0x44, 0x10, 0x41, 0x04, 0x11, 0x44, 0x10, 0x41, 0x04
0748  11 44 10 41 04 11 44 10 ... (16 bytes)  .byte 0x11, 0x44, 0x10, 0x41, 0x04, 0x11, 0x44, 0x10, 0x41, 0x04, 0x11, 0x44, 0x10, 0x41, 0x04, 0x11
0758  44 10 41 04 11 44 10 41 ... (16 bytes)  .byte 0x44, 0x10, 0x41, 0x04, 0x11, 0x44, 0x10, 0x41, 0x04, 0x11, 0x44, 0x10, 0x41, 0x04, 0x11, 0x44
0768  10 41 04 11 44 10 41 04 ... (16 bytes)  .byte 0x10, 0x41, 0x04, 0x11, 0x44, 0x10, 0x41, 0x04, 0x11, 0x44, 0x10, 0x41, 0x04, 0x11, 0x44, 0x10
0778  41 04 11 44 10 41 04 11 ... (16 bytes)  .byte 0x41, 0x04, 0x11, 0x44, 0x10, 0x41, 0x04, 0x11, 0x44, 0x10, 0x41, 0x04, 0x11, 0x44, 0x10, 0x41
0788  04 11 44 10 41 04 11 44 ... (16 bytes)  .byte 0x04, 0x11, 0x44, 0x10, 0x41, 0x04, 0x11, 0x44, 0x10, 0x41, 0x04, 0x11, 0x44, 0x10, 0x41, 0x04
0798  11 44 10 41 04 11 44 10 ... (16 bytes)  .byte 0x11, 0x44, 0x10, 0x41, 0x04, 0x11, 0x44, 0x10, 0x41, 0x04, 0x11, 0x44, 0x10, 0x41, 0x04, 0x11
07A8  44 10 41 04 11 44 10 41 ... (16 bytes)  .byte 0x44, 0x10, 0x41, 0x04, 0x11, 0x44, 0x10, 0x41, 0x04, 0x11, 0x44, 0x10, 0x41, 0x04, 0x11, 0x44
07B8  10 41 04 11 44 10 41 04 ... (16 bytes)  .byte 0x10, 0x41, 0x04, 0x11, 0x44, 0x10, 0x41, 0x04, 0x11, 0x44, 0x10, 0x41, 0x04, 0x11, 0x44, 0x10
07C8  41 04 11 44 10 41 04 11 ... (16 bytes)  .byte 0x41, 0x04, 0x11, 0x44, 0x10, 0x41, 0x04, 0x11, 0x44, 0x10, 0x41, 0x04, 0x11, 0x44, 0x10, 0x41
07D8  04 11 44 10 41 04 11 44 ... (16 bytes)  .byte 0x04, 0x11, 0x44, 0x10, 0x41, 0x04, 0x11, 0x44, 0x10, 0x41, 0x04, 0x11, 0x44, 0x10, 0x41, 0x04
07E8  11 44 10 41 04 11 44 10 ... (16 bytes)  .byte 0x11, 0x44, 0x10, 0x41, 0x04, 0x11, 0x44, 0x10, 0x41, 0x04, 0x11, 0x44, 0x10, 0x41, 0x04, 0x11
07F8  44 10 41 04 11 44 10 41 ... (16 bytes)  .byte 0x44, 0x10, 0x41, 0x04, 0x11, 0x44, 0x10, 0x41, 0x04, 0x11, 0x44, 0x10, 0x41, 0x04, 0x11, 0x44
0808  10 41 04 11 44 10 41 04 ... (16 bytes)  .byte 0x10, 0x41, 0x04, 0x11, 0x44, 0x10, 0x41, 0x04, 0x11, 0x44, 0x10, 0x41, 0x04, 0x11, 0x44, 0x10
0818  41 04 11 44 10 41 04 11 ... (16 bytes)  .byte 0x41, 0x04, 0x11, 0x44, 0x10, 0x41, 0x04, 0x11, 0x44, 0x10, 0x41, 0x04, 0x11, 0x44, 0x10, 0x41
0828  04 11 44 10 41 04 11 44 ... (16 bytes)  .byte 0x04, 0x11, 0x44, 0x10, 0x41, 0x04, 0x11, 0x44, 0x10, 0x41, 0x04, 0x11, 0x44, 0x10, 0x41, 0x04
0838  11 44 10 41 04 11 44 10 ... (16 bytes)  .byte 0x11, 0x44, 0x10, 0x41, 0x04, 0x11, 0x44, 0x10, 0x41, 0x04, 0x11, 0x44, 0x10, 0x41, 0x04, 0x11
0848  44 10 41 04 11 44 10 41 ... (16 bytes)  .byte 0x44, 0x10, 0x41, 0x04, 0x11, 0x44, 0x10, 0x41, 0x04, 0x11, 0x44, 0x10, 0x41, 0x04, 0x11, 0x44
0858  10 41 04 11 44 10 41 05 ... (16 bytes)  .byte 0x10, 0x41, 0x04, 0x11, 0x44, 0x10, 0x41, 0x05, 0x11, 0x44, 0x10, 0x41, 0x04, 0x11, 0x44, 0x10
0868  41 04 11 44 10 41 04 11 ... (16 bytes)  .byte 0x41, 0x04, 0x11, 0x44, 0x10, 0x41, 0x04, 0x11, 0x44, 0x10, 0x41, 0x04, 0x11, 0x44, 0x10, 0x41
0878  04 11 44 10 41 04 11 44 ... (16 bytes)  .byte 0x04, 0x11, 0x44, 0x10, 0x41, 0x04, 0x11, 0x44, 0x10, 0x41, 0x04, 0x11, 0x44, 0x10, 0x41, 0x04
0888  11 44 10 41 04 11 44 10 ... (16 bytes)  .byte 0x11, 0x44, 0x10, 0x41, 0x04, 0x11, 0x44, 0x10, 0x41, 0x04, 0x11, 0x44, 0x10, 0x41, 0x04, 0x11
0898  44 10 41 04 11 44 10 41 ... (16 bytes)  .byte 0x44, 0x10, 0x41, 0x04, 0x11, 0x44, 0x10, 0x41, 0x04, 0x11, 0x44, 0x10, 0x41, 0x04, 0x11, 0x44
08A8  10 41 04 11 44 10 41 04 ... (16 bytes)  .byte 0x10, 0x41, 0x04, 0x11, 0x44, 0x10, 0x41, 0x04, 0x11, 0x44, 0x10, 0x41, 0x04, 0x11, 0x44, 0x10
08B8  41 04 11 44 10 41 04 11 ... (16 bytes)  .byte 0x41, 0x04, 0x11, 0x44, 0x10, 0x41, 0x04, 0x11, 0x44, 0x10, 0x41, 0x04, 0x11, 0x44, 0x10, 0x41
08C8  04 11 44 10 41 04 11 44 ... (16 bytes)  .byte 0x04, 0x11, 0x44, 0x10, 0x41, 0x04, 0x11, 0x44, 0x10, 0x41, 0x04, 0x11, 0x44, 0x10, 0x41, 0x04
08D8  11 44 10 41 04 11 44 10 ... (16 bytes)  .byte 0x11, 0x44, 0x10, 0x41, 0x04, 0x11, 0x44, 0x10, 0x41, 0x04, 0x11, 0x44, 0x10, 0x41, 0x04, 0x11
08E8  44 10 41 04 11 44 10 41 ... (16 bytes)  .byte 0x44, 0x10, 0x41, 0x04, 0x11, 0x44, 0x10, 0x41, 0x04, 0x11, 0x44, 0x10, 0x41, 0x04, 0x11, 0x44
08F8  10 41 04 11 44 10 41 04 ... (16 bytes)  .byte 0x10, 0x41, 0x04, 0x11, 0x44, 0x10, 0x41, 0x04, 0x11, 0x44, 0x10, 0x41, 0x04, 0x11, 0x44, 0x10
0908  41 04 11 44 10 41 04 11 ... (16 bytes)  .byte 0x41, 0x04, 0x11, 0x44, 0x10, 0x41, 0x04, 0x11, 0x44, 0x10, 0x41, 0x04, 0x11, 0x44, 0x10, 0x41
0918  04 11 44 10 41 04 11 44 ... (16 bytes)  .byte 0x04, 0x11, 0x44, 0x10, 0x41, 0x04, 0x11, 0x44, 0x10, 0x41, 0x04, 0x11, 0x44, 0x10, 0x41, 0x04
0928  11 44 10 41 04 11 44 10 ... (16 bytes)  .byte 0x11, 0x44, 0x10, 0x41, 0x04, 0x11, 0x44, 0x10, 0x41, 0x04, 0x11, 0x44, 0x10, 0x41, 0x04, 0x11
0938  44 10 41 04 11 44 10 41 ... (16 bytes)  .byte 0x44, 0x10, 0x41, 0x04, 0x11, 0x44, 0x10, 0x41, 0x04, 0x11, 0x44, 0x10, 0x41, 0x04, 0x11, 0x44
0948  10 41 04 11 44 10 41 04 ... (16 bytes)  .byte 0x10, 0x41, 0x04, 0x11, 0x44, 0x10, 0x41, 0x04, 0x11, 0x44, 0x10, 0x41, 0x04, 0x11, 0x44, 0x10
0958  41 04 11 44 10 41 04 11 ... (16 bytes)  .byte 0x41, 0x04, 0x11, 0x44, 0x10, 0x41, 0x04, 0x11, 0x44, 0x10, 0x41, 0x04, 0x11, 0x44, 0x10, 0x41
0968  04 11 44 10 41 04 11 44 ... (16 bytes)  .byte 0x04, 0x11, 0x44, 0x10, 0x41, 0x04, 0x11, 0x44, 0x10, 0x41, 0x04, 0x11, 0x44, 0x10, 0x41, 0x04
0978  11 44 10 41 04 11 44 10 ... (16 bytes)  .byte 0x11, 0x44, 0x10, 0x41, 0x04, 0x11, 0x44, 0x10, 0x41, 0x04, 0x11, 0x44, 0x10, 0x41, 0x04, 0x11
0988  44 10 41 04 11 44 10 41 ... (16 bytes)  .byte 0x44, 0x10, 0x41, 0x04, 0x11, 0x44, 0x10, 0x41, 0x04, 0x11, 0x44, 0x10, 0x41, 0x05, 0x11, 0x44
0998  10 41 04 11 44 10 41 04 ... (16 bytes)  .byte 0x10, 0x41, 0x04, 0x11, 0x44, 0x10, 0x41, 0x04, 0x11, 0x44, 0x10, 0x41, 0x04, 0x11, 0x44, 0x10
09A8  41 04 11 44 10 41 04 11 ... (16 bytes)  .byte 0x41, 0x04, 0x11, 0x44, 0x10, 0x41, 0x04, 0x11, 0x44, 0x10, 0x41, 0x04, 0x11, 0x44, 0x10, 0x41
09B8  04 11 44 10 41 04 11 44 ... (16 bytes)  .byte 0x04, 0x11, 0x44, 0x10, 0x41, 0x04, 0x11, 0x44, 0x10, 0x41, 0x04, 0x11, 0x44, 0x10, 0x41, 0x04
09C8  11 44 10 41 04 11 44 10 ... (16 bytes)  .byte 0x11, 0x44, 0x10, 0x41, 0x04, 0x11, 0x44, 0x10, 0x41, 0x04, 0x11, 0x44, 0x10, 0x41, 0x04, 0x11
09D8  44 10 41 04 11 44 10 41 ... (16 bytes)  .byte 0x44, 0x10, 0x41, 0x04, 0x11, 0x44, 0x10, 0x41, 0x04, 0x11, 0x44, 0x10, 0x41, 0x04, 0x11, 0x44
09E8  10 41 04 11 44 10 41 04 ... (16 bytes)  .byte 0x10, 0x41, 0x04, 0x11, 0x44, 0x10, 0x41, 0x04, 0x11, 0x44, 0x10, 0x41, 0x04, 0x11, 0x44, 0x10
09F8  41 04 11 44 10 41 04 11 ... (16 bytes)  .byte 0x41, 0x04, 0x11, 0x44, 0x10, 0x41, 0x04, 0x11, 0x44, 0x10, 0x41, 0x04, 0x11, 0x44, 0x10, 0x41
0A08  04 11 44 10 41 04 11 44 ... (16 bytes)  .byte 0x04, 0x11, 0x44, 0x10, 0x41, 0x04, 0x11, 0x44, 0x10, 0x41, 0x04, 0x11, 0x44, 0x10, 0x41, 0x04
0A18  11 44 10 41 04 11 44 10 ... (16 bytes)  .byte 0x11, 0x44, 0x10, 0x41, 0x04, 0x11, 0x44, 0x10, 0x41, 0x04, 0x11, 0x44, 0x10, 0x41, 0x04, 0x11
0A28  44 10 41 04 11 44 10 41 ... (16 bytes)  .byte 0x44, 0x10, 0x41, 0x04, 0x11, 0x44, 0x10, 0x41, 0x04, 0x11, 0x44, 0x10, 0x41, 0x04, 0x11, 0x44
0A38  10 41 04 11 44 10 41 04 ... (16 bytes)  .byte 0x10, 0x41, 0x04, 0x11, 0x44, 0x10, 0x41, 0x04, 0x11, 0x44, 0x10, 0x41, 0x04, 0x11, 0x44, 0x10
0A48  41 04 11 44 10 41 04 11 ... (16 bytes)  .byte 0x41, 0x04, 0x11, 0x44, 0x10, 0x41, 0x04, 0x11, 0x44, 0x10, 0x41, 0x04, 0x11, 0x44, 0x10, 0x41
0A58  04 11 44 10 41 04 11 44 ... (16 bytes)  .byte 0x04, 0x11, 0x44, 0x10, 0x41, 0x04, 0x11, 0x44, 0x10, 0x41, 0x04, 0x11, 0x44, 0x10, 0x41, 0x04
0A68  11 44 10 41 04 11 44 10 ... (16 bytes)  .byte 0x11, 0x44, 0x10, 0x41, 0x04, 0x11, 0x44, 0x10, 0x41, 0x04, 0x11, 0x44, 0x10, 0x41, 0x04, 0x11
0A78  44 10 41 04 11 44 10 41 ... (11 bytes)  .byte 0x44, 0x10, 0x41, 0x04, 0x11, 0x44, 0x10, 0x41, 0x04, 0x15, 0x02
